Artifact dir: /workspace/autoresearch/results/20260919_013651-baseline/exp000-baseline
Rows: train=1,714,630 validation=90,244
Vocab size: 50,304
Tokenized in 123.8s | mean train length: 66.7 | truncated: 0.23%
Model config: {'sequence_len': 256, 'vocab_size': 50304, 'n_layer': 10, 'n_head': 10, 'n_embd': 640, 'dropout': 0.1}
Parameter counts:
  wte                     : 32,194,560
  head                    : 641
  transformer_matrices    : 49,152,000
  total                   : 81,347,201
Scaling AdamW LRs by 1/sqrt(640/768) = 1.095445
Steps per epoch: 6,697 | total steps: 26,788
step 00000 (0.0%) | loss: 0.373768 | lrm: 0.00 | dt: 2373ms | epoch: 0 | elapsed: 2s | remaining: 63576s
step 00050 (0.2%) | loss: 0.385706 | lrm: 0.09 | dt: 381ms | epoch: 0 | elapsed: 21s | remaining: 11228s
step 00100 (0.4%) | loss: 0.351633 | lrm: 0.19 | dt: 241ms | epoch: 0 | elapsed: 33s | remaining: 8844s
step 00150 (0.6%) | loss: 0.338905 | lrm: 0.28 | dt: 257ms | epoch: 0 | elapsed: 46s | remaining: 8169s
step 00200 (0.7%) | loss: 0.324318 | lrm: 0.37 | dt: 277ms | epoch: 0 | elapsed: 60s | remaining: 7960s
step 00250 (0.9%) | loss: 0.308240 | lrm: 0.47 | dt: 258ms | epoch: 0 | elapsed: 73s | remaining: 7726s
step 00300 (1.1%) | loss: 0.300300 | lrm: 0.56 | dt: 264ms | epoch: 0 | elapsed: 86s | remaining: 7590s
step 00350 (1.3%) | loss: 0.299409 | lrm: 0.65 | dt: 243ms | epoch: 0 | elapsed: 98s | remaining: 7414s
step 00400 (1.5%) | loss: 0.294214 | lrm: 0.75 | dt: 218ms | epoch: 0 | elapsed: 109s | remaining: 7195s
step 00450 (1.7%) | loss: 0.285570 | lrm: 0.84 | dt: 255ms | epoch: 0 | elapsed: 122s | remaining: 7129s
step 00500 (1.9%) | loss: 0.279347 | lrm: 0.93 | dt: 260ms | epoch: 0 | elapsed: 135s | remaining: 7087s
step 00550 (2.1%) | loss: 0.275165 | lrm: 1.00 | dt: 288ms | epoch: 0 | elapsed: 149s | remaining: 7117s
step 00600 (2.2%) | loss: 0.274169 | lrm: 1.00 | dt: 257ms | epoch: 0 | elapsed: 162s | remaining: 7073s
step 00650 (2.4%) | loss: 0.272153 | lrm: 1.00 | dt: 273ms | epoch: 0 | elapsed: 176s | remaining: 7067s
step 00700 (2.6%) | loss: 0.259069 | lrm: 1.00 | dt: 299ms | epoch: 0 | elapsed: 191s | remaining: 7107s
step 00750 (2.8%) | loss: 0.266456 | lrm: 1.00 | dt: 279ms | epoch: 0 | elapsed: 205s | remaining: 7104s
step 00800 (3.0%) | loss: 0.265302 | lrm: 1.00 | dt: 286ms | epoch: 0 | elapsed: 219s | remaining: 7111s
step 00850 (3.2%) | loss: 0.262679 | lrm: 1.00 | dt: 262ms | epoch: 0 | elapsed: 232s | remaining: 7079s
step 00900 (3.4%) | loss: 0.263123 | lrm: 1.00 | dt: 322ms | epoch: 0 | elapsed: 248s | remaining: 7136s
step 00950 (3.5%) | loss: 0.258491 | lrm: 1.00 | dt: 256ms | epoch: 0 | elapsed: 261s | remaining: 7095s
step 01000 (3.7%) | loss: 0.256223 | lrm: 1.00 | dt: 239ms | epoch: 0 | elapsed: 273s | remaining: 7036s
step 01050 (3.9%) | loss: 0.257447 | lrm: 1.00 | dt: 256ms | epoch: 0 | elapsed: 286s | remaining: 7002s
step 01100 (4.1%) | loss: 0.255574 | lrm: 1.00 | dt: 254ms | epoch: 0 | elapsed: 299s | remaining: 6967s
step 01150 (4.3%) | loss: 0.257951 | lrm: 1.00 | dt: 242ms | epoch: 0 | elapsed: 311s | remaining: 6920s
step 01200 (4.5%) | loss: 0.259146 | lrm: 1.00 | dt: 263ms | epoch: 0 | elapsed: 324s | remaining: 6900s
step 01250 (4.7%) | loss: 0.257391 | lrm: 1.00 | dt: 292ms | epoch: 0 | elapsed: 338s | remaining: 6910s
step 01300 (4.9%) | loss: 0.256782 | lrm: 1.00 | dt: 261ms | epoch: 0 | elapsed: 352s | remaining: 6886s
step 01350 (5.0%) | loss: 0.258129 | lrm: 1.00 | dt: 243ms | epoch: 0 | elapsed: 364s | remaining: 6847s
step 01400 (5.2%) | loss: 0.255683 | lrm: 1.00 | dt: 250ms | epoch: 0 | elapsed: 376s | remaining: 6816s
step 01450 (5.4%) | loss: 0.258665 | lrm: 1.00 | dt: 290ms | epoch: 0 | elapsed: 391s | remaining: 6822s
step 01500 (5.6%) | loss: 0.258758 | lrm: 1.00 | dt: 271ms | epoch: 0 | elapsed: 404s | remaining: 6809s
step 01550 (5.8%) | loss: 0.258459 | lrm: 1.00 | dt: 267ms | epoch: 0 | elapsed: 418s | remaining: 6794s
step 01600 (6.0%) | loss: 0.257329 | lrm: 1.00 | dt: 261ms | epoch: 0 | elapsed: 431s | remaining: 6774s
step 01650 (6.2%) | loss: 0.258323 | lrm: 1.00 | dt: 270ms | epoch: 0 | elapsed: 444s | remaining: 6761s
step 01700 (6.3%) | loss: 0.253777 | lrm: 1.00 | dt: 246ms | epoch: 0 | elapsed: 456s | remaining: 6731s
step 01750 (6.5%) | loss: 0.253935 | lrm: 1.00 | dt: 296ms | epoch: 0 | elapsed: 471s | remaining: 6738s
step 01800 (6.7%) | loss: 0.254412 | lrm: 1.00 | dt: 231ms | epoch: 0 | elapsed: 483s | remaining: 6698s
step 01850 (6.9%) | loss: 0.253322 | lrm: 1.00 | dt: 270ms | epoch: 0 | elapsed: 496s | remaining: 6686s
step 01900 (7.1%) | loss: 0.254158 | lrm: 1.00 | dt: 277ms | epoch: 0 | elapsed: 510s | remaining: 6678s
step 01950 (7.3%) | loss: 0.253312 | lrm: 1.00 | dt: 241ms | epoch: 0 | elapsed: 522s | remaining: 6647s
step 02000 (7.5%) | loss: 0.249584 | lrm: 1.00 | dt: 242ms | epoch: 0 | elapsed: 534s | remaining: 6618s
step 02050 (7.7%) | loss: 0.249316 | lrm: 1.00 | dt: 300ms | epoch: 0 | elapsed: 549s | remaining: 6625s
step 02100 (7.8%) | loss: 0.248934 | lrm: 1.00 | dt: 216ms | epoch: 0 | elapsed: 560s | remaining: 6581s
step 02150 (8.0%) | loss: 0.246494 | lrm: 1.00 | dt: 246ms | epoch: 0 | elapsed: 572s | remaining: 6556s
step 02200 (8.2%) | loss: 0.243037 | lrm: 1.00 | dt: 289ms | epoch: 0 | elapsed: 587s | remaining: 6556s
step 02250 (8.4%) | loss: 0.244379 | lrm: 1.00 | dt: 246ms | epoch: 0 | elapsed: 599s | remaining: 6531s
step 02300 (8.6%) | loss: 0.243914 | lrm: 1.00 | dt: 266ms | epoch: 0 | elapsed: 612s | remaining: 6518s
step 02350 (8.8%) | loss: 0.243864 | lrm: 1.00 | dt: 233ms | epoch: 0 | elapsed: 624s | remaining: 6487s
step 02400 (9.0%) | loss: 0.237930 | lrm: 1.00 | dt: 228ms | epoch: 0 | elapsed: 635s | remaining: 6455s
step 02450 (9.1%) | loss: 0.239731 | lrm: 1.00 | dt: 227ms | epoch: 0 | elapsed: 647s | remaining: 6423s
step 02500 (9.3%) | loss: 0.243907 | lrm: 1.00 | dt: 247ms | epoch: 0 | elapsed: 659s | remaining: 6401s
step 02550 (9.5%) | loss: 0.249159 | lrm: 1.00 | dt: 257ms | epoch: 0 | elapsed: 672s | remaining: 6385s
step 02600 (9.7%) | loss: 0.255161 | lrm: 1.00 | dt: 265ms | epoch: 0 | elapsed: 685s | remaining: 6372s
step 02650 (9.9%) | loss: 0.256396 | lrm: 1.00 | dt: 236ms | epoch: 0 | elapsed: 697s | remaining: 6347s
step 02700 (10.1%) | loss: 0.257294 | lrm: 1.00 | dt: 249ms | epoch: 0 | elapsed: 710s | remaining: 6328s
step 02750 (10.3%) | loss: 0.252222 | lrm: 1.00 | dt: 257ms | epoch: 0 | elapsed: 722s | remaining: 6312s
step 02800 (10.5%) | loss: 0.250601 | lrm: 1.00 | dt: 267ms | epoch: 0 | elapsed: 736s | remaining: 6301s
step 02850 (10.6%) | loss: 0.251453 | lrm: 1.00 | dt: 290ms | epoch: 0 | elapsed: 750s | remaining: 6299s
step 02900 (10.8%) | loss: 0.252922 | lrm: 1.00 | dt: 234ms | epoch: 0 | elapsed: 762s | remaining: 6274s
step 02950 (11.0%) | loss: 0.259627 | lrm: 1.00 | dt: 276ms | epoch: 0 | elapsed: 776s | remaining: 6266s
step 03000 (11.2%) | loss: 0.259691 | lrm: 1.00 | dt: 229ms | epoch: 0 | elapsed: 787s | remaining: 6240s
step 03050 (11.4%) | loss: 0.256594 | lrm: 1.00 | dt: 277ms | epoch: 0 | elapsed: 801s | remaining: 6232s
step 03100 (11.6%) | loss: 0.258150 | lrm: 1.00 | dt: 249ms | epoch: 0 | elapsed: 813s | remaining: 6214s
step 03150 (11.8%) | loss: 0.258520 | lrm: 1.00 | dt: 324ms | epoch: 0 | elapsed: 830s | remaining: 6224s
step 03200 (11.9%) | loss: 0.252248 | lrm: 1.00 | dt: 237ms | epoch: 0 | elapsed: 842s | remaining: 6201s
step 03250 (12.1%) | loss: 0.253571 | lrm: 1.00 | dt: 223ms | epoch: 0 | elapsed: 853s | remaining: 6173s
step 03300 (12.3%) | loss: 0.253673 | lrm: 1.00 | dt: 278ms | epoch: 0 | elapsed: 867s | remaining: 6166s
step 03350 (12.5%) | loss: 0.248776 | lrm: 1.00 | dt: 285ms | epoch: 0 | elapsed: 881s | remaining: 6161s
step 03400 (12.7%) | loss: 0.245960 | lrm: 1.00 | dt: 224ms | epoch: 0 | elapsed: 892s | remaining: 6134s
step 03450 (12.9%) | loss: 0.245610 | lrm: 1.00 | dt: 254ms | epoch: 0 | elapsed: 905s | remaining: 6118s
step 03500 (13.1%) | loss: 0.247688 | lrm: 1.00 | dt: 233ms | epoch: 0 | elapsed: 916s | remaining: 6095s
step 03550 (13.3%) | loss: 0.248223 | lrm: 1.00 | dt: 241ms | epoch: 0 | elapsed: 928s | remaining: 6075s
step 03600 (13.4%) | loss: 0.248403 | lrm: 1.00 | dt: 267ms | epoch: 0 | elapsed: 942s | remaining: 6064s
step 03650 (13.6%) | loss: 0.249093 | lrm: 1.00 | dt: 261ms | epoch: 0 | elapsed: 955s | remaining: 6051s
step 03700 (13.8%) | loss: 0.243901 | lrm: 1.00 | dt: 220ms | epoch: 0 | elapsed: 966s | remaining: 6025s
step 03750 (14.0%) | loss: 0.246276 | lrm: 1.00 | dt: 249ms | epoch: 0 | elapsed: 978s | remaining: 6008s
step 03800 (14.2%) | loss: 0.247356 | lrm: 1.00 | dt: 275ms | epoch: 0 | elapsed: 992s | remaining: 5999s
step 03850 (14.4%) | loss: 0.246716 | lrm: 1.00 | dt: 240ms | epoch: 0 | elapsed: 1004s | remaining: 5980s
step 03900 (14.6%) | loss: 0.246882 | lrm: 1.00 | dt: 253ms | epoch: 0 | elapsed: 1017s | remaining: 5964s
step 03950 (14.7%) | loss: 0.250411 | lrm: 1.00 | dt: 241ms | epoch: 0 | elapsed: 1029s | remaining: 5946s
step 04000 (14.9%) | loss: 0.248012 | lrm: 1.00 | dt: 239ms | epoch: 0 | elapsed: 1041s | remaining: 5927s
step 04050 (15.1%) | loss: 0.245107 | lrm: 1.00 | dt: 238ms | epoch: 0 | elapsed: 1053s | remaining: 5908s
step 04100 (15.3%) | loss: 0.242495 | lrm: 1.00 | dt: 271ms | epoch: 0 | elapsed: 1066s | remaining: 5898s
step 04150 (15.5%) | loss: 0.246650 | lrm: 1.00 | dt: 262ms | epoch: 0 | elapsed: 1079s | remaining: 5885s
step 04200 (15.7%) | loss: 0.247160 | lrm: 1.00 | dt: 216ms | epoch: 0 | elapsed: 1090s | remaining: 5860s
step 04250 (15.9%) | loss: 0.249090 | lrm: 1.00 | dt: 266ms | epoch: 0 | elapsed: 1103s | remaining: 5849s
step 04300 (16.1%) | loss: 0.251869 | lrm: 1.00 | dt: 247ms | epoch: 0 | elapsed: 1116s | remaining: 5833s
step 04350 (16.2%) | loss: 0.253949 | lrm: 1.00 | dt: 193ms | epoch: 0 | elapsed: 1125s | remaining: 5803s
step 04400 (16.4%) | loss: 0.243214 | lrm: 1.00 | dt: 226ms | epoch: 0 | elapsed: 1137s | remaining: 5782s
step 04450 (16.6%) | loss: 0.237301 | lrm: 1.00 | dt: 259ms | epoch: 0 | elapsed: 1150s | remaining: 5769s
step 04500 (16.8%) | loss: 0.238715 | lrm: 1.00 | dt: 247ms | epoch: 0 | elapsed: 1162s | remaining: 5753s
step 04550 (17.0%) | loss: 0.238993 | lrm: 1.00 | dt: 229ms | epoch: 0 | elapsed: 1173s | remaining: 5733s
step 04600 (17.2%) | loss: 0.238386 | lrm: 1.00 | dt: 257ms | epoch: 0 | elapsed: 1186s | remaining: 5720s
step 04650 (17.4%) | loss: 0.243781 | lrm: 1.00 | dt: 242ms | epoch: 0 | elapsed: 1198s | remaining: 5703s
step 04700 (17.5%) | loss: 0.235926 | lrm: 1.00 | dt: 231ms | epoch: 0 | elapsed: 1210s | remaining: 5684s
step 04750 (17.7%) | loss: 0.239736 | lrm: 1.00 | dt: 287ms | epoch: 0 | elapsed: 1224s | remaining: 5678s
step 04800 (17.9%) | loss: 0.244015 | lrm: 1.00 | dt: 245ms | epoch: 0 | elapsed: 1236s | remaining: 5662s
step 04850 (18.1%) | loss: 0.245273 | lrm: 1.00 | dt: 232ms | epoch: 0 | elapsed: 1248s | remaining: 5644s
step 04900 (18.3%) | loss: 0.234747 | lrm: 1.00 | dt: 262ms | epoch: 0 | elapsed: 1261s | remaining: 5632s
step 04950 (18.5%) | loss: 0.234696 | lrm: 1.00 | dt: 251ms | epoch: 0 | elapsed: 1274s | remaining: 5618s
step 05000 (18.7%) | loss: 0.238020 | lrm: 1.00 | dt: 263ms | epoch: 0 | elapsed: 1287s | remaining: 5606s
step 05050 (18.9%) | loss: 0.238238 | lrm: 1.00 | dt: 242ms | epoch: 0 | elapsed: 1299s | remaining: 5590s
step 05100 (19.0%) | loss: 0.232287 | lrm: 1.00 | dt: 285ms | epoch: 0 | elapsed: 1313s | remaining: 5583s
step 05150 (19.2%) | loss: 0.232224 | lrm: 1.00 | dt: 264ms | epoch: 0 | elapsed: 1326s | remaining: 5572s
step 05200 (19.4%) | loss: 0.234763 | lrm: 1.00 | dt: 243ms | epoch: 0 | elapsed: 1339s | remaining: 5556s
step 05250 (19.6%) | loss: 0.233773 | lrm: 1.00 | dt: 249ms | epoch: 0 | elapsed: 1351s | remaining: 5541s
step 05300 (19.8%) | loss: 0.231420 | lrm: 1.00 | dt: 236ms | epoch: 0 | elapsed: 1363s | remaining: 5524s
step 05350 (20.0%) | loss: 0.231298 | lrm: 1.00 | dt: 250ms | epoch: 0 | elapsed: 1375s | remaining: 5510s
step 05400 (20.2%) | loss: 0.234822 | lrm: 1.00 | dt: 249ms | epoch: 0 | elapsed: 1388s | remaining: 5495s
step 05450 (20.3%) | loss: 0.238122 | lrm: 1.00 | dt: 224ms | epoch: 0 | elapsed: 1399s | remaining: 5476s
step 05500 (20.5%) | loss: 0.236416 | lrm: 1.00 | dt: 265ms | epoch: 0 | elapsed: 1412s | remaining: 5465s
step 05550 (20.7%) | loss: 0.236111 | lrm: 1.00 | dt: 214ms | epoch: 0 | elapsed: 1423s | remaining: 5444s
step 05600 (20.9%) | loss: 0.239108 | lrm: 1.00 | dt: 219ms | epoch: 0 | elapsed: 1434s | remaining: 5424s
step 05650 (21.1%) | loss: 0.236476 | lrm: 1.00 | dt: 262ms | epoch: 0 | elapsed: 1447s | remaining: 5412s
step 05700 (21.3%) | loss: 0.238457 | lrm: 1.00 | dt: 226ms | epoch: 0 | elapsed: 1458s | remaining: 5394s
step 05750 (21.5%) | loss: 0.242021 | lrm: 1.00 | dt: 225ms | epoch: 0 | elapsed: 1469s | remaining: 5375s
step 05800 (21.7%) | loss: 0.240513 | lrm: 1.00 | dt: 270ms | epoch: 0 | elapsed: 1483s | remaining: 5365s
step 05850 (21.8%) | loss: 0.238262 | lrm: 1.00 | dt: 265ms | epoch: 0 | elapsed: 1496s | remaining: 5354s
step 05900 (22.0%) | loss: 0.238270 | lrm: 1.00 | dt: 248ms | epoch: 0 | elapsed: 1509s | remaining: 5340s
step 05950 (22.2%) | loss: 0.240956 | lrm: 1.00 | dt: 289ms | epoch: 0 | elapsed: 1523s | remaining: 5333s
step 06000 (22.4%) | loss: 0.240829 | lrm: 1.00 | dt: 264ms | epoch: 0 | elapsed: 1536s | remaining: 5321s
step 06050 (22.6%) | loss: 0.241854 | lrm: 1.00 | dt: 210ms | epoch: 0 | elapsed: 1547s | remaining: 5301s
step 06100 (22.8%) | loss: 0.240590 | lrm: 1.00 | dt: 231ms | epoch: 0 | elapsed: 1558s | remaining: 5284s
step 06150 (23.0%) | loss: 0.242215 | lrm: 1.00 | dt: 309ms | epoch: 0 | elapsed: 1574s | remaining: 5280s
step 06200 (23.1%) | loss: 0.245185 | lrm: 1.00 | dt: 211ms | epoch: 0 | elapsed: 1584s | remaining: 5260s
step 06250 (23.3%) | loss: 0.246393 | lrm: 1.00 | dt: 265ms | epoch: 0 | elapsed: 1598s | remaining: 5248s
step 06300 (23.5%) | loss: 0.239523 | lrm: 1.00 | dt: 233ms | epoch: 0 | elapsed: 1609s | remaining: 5232s
step 06350 (23.7%) | loss: 0.235460 | lrm: 1.00 | dt: 246ms | epoch: 0 | elapsed: 1621s | remaining: 5218s
step 06400 (23.9%) | loss: 0.234069 | lrm: 1.00 | dt: 278ms | epoch: 0 | elapsed: 1635s | remaining: 5209s
step 06450 (24.1%) | loss: 0.237562 | lrm: 1.00 | dt: 266ms | epoch: 0 | elapsed: 1649s | remaining: 5197s
step 06500 (24.3%) | loss: 0.241271 | lrm: 1.00 | dt: 251ms | epoch: 0 | elapsed: 1661s | remaining: 5184s
step 06550 (24.5%) | loss: 0.246619 | lrm: 1.00 | dt: 248ms | epoch: 0 | elapsed: 1674s | remaining: 5170s
step 06600 (24.6%) | loss: 0.248940 | lrm: 1.00 | dt: 280ms | epoch: 0 | elapsed: 1688s | remaining: 5161s
step 06650 (24.8%) | loss: 0.249167 | lrm: 1.00 | dt: 288ms | epoch: 0 | elapsed: 1702s | remaining: 5153s
epoch 1 done | step 06697 | val_score: 0.903576
step 06700 (25.0%) | loss: 0.241502 | lrm: 1.00 | dt: 864ms | epoch: 1 | elapsed: 1745s | remaining: 5231s
step 06750 (25.2%) | loss: 0.243440 | lrm: 1.00 | dt: 246ms | epoch: 1 | elapsed: 1757s | remaining: 5216s
step 06800 (25.4%) | loss: 0.242142 | lrm: 1.00 | dt: 251ms | epoch: 1 | elapsed: 1770s | remaining: 5202s
step 06850 (25.6%) | loss: 0.242014 | lrm: 1.00 | dt: 192ms | epoch: 1 | elapsed: 1780s | remaining: 5179s
step 06900 (25.8%) | loss: 0.240302 | lrm: 1.00 | dt: 221ms | epoch: 1 | elapsed: 1791s | remaining: 5160s
step 06950 (25.9%) | loss: 0.242889 | lrm: 1.00 | dt: 291ms | epoch: 1 | elapsed: 1805s | remaining: 5152s
step 07000 (26.1%) | loss: 0.246305 | lrm: 1.00 | dt: 264ms | epoch: 1 | elapsed: 1818s | remaining: 5139s
step 07050 (26.3%) | loss: 0.245335 | lrm: 1.00 | dt: 222ms | epoch: 1 | elapsed: 1830s | remaining: 5121s
step 07100 (26.5%) | loss: 0.248415 | lrm: 1.00 | dt: 261ms | epoch: 1 | elapsed: 1843s | remaining: 5108s
step 07150 (26.7%) | loss: 0.250704 | lrm: 1.00 | dt: 245ms | epoch: 1 | elapsed: 1855s | remaining: 5093s
step 07200 (26.9%) | loss: 0.250196 | lrm: 1.00 | dt: 270ms | epoch: 1 | elapsed: 1868s | remaining: 5082s
step 07250 (27.1%) | loss: 0.250811 | lrm: 1.00 | dt: 265ms | epoch: 1 | elapsed: 1882s | remaining: 5070s
step 07300 (27.3%) | loss: 0.247010 | lrm: 1.00 | dt: 256ms | epoch: 1 | elapsed: 1894s | remaining: 5056s
step 07350 (27.4%) | loss: 0.245603 | lrm: 1.00 | dt: 253ms | epoch: 1 | elapsed: 1907s | remaining: 5042s
step 07400 (27.6%) | loss: 0.242722 | lrm: 1.00 | dt: 248ms | epoch: 1 | elapsed: 1919s | remaining: 5028s
step 07450 (27.8%) | loss: 0.241854 | lrm: 1.00 | dt: 273ms | epoch: 1 | elapsed: 1933s | remaining: 5017s
step 07500 (28.0%) | loss: 0.243403 | lrm: 1.00 | dt: 221ms | epoch: 1 | elapsed: 1944s | remaining: 4999s
step 07550 (28.2%) | loss: 0.244754 | lrm: 1.00 | dt: 240ms | epoch: 1 | elapsed: 1956s | remaining: 4983s
step 07600 (28.4%) | loss: 0.243476 | lrm: 1.00 | dt: 277ms | epoch: 1 | elapsed: 1970s | remaining: 4973s
step 07650 (28.6%) | loss: 0.248232 | lrm: 1.00 | dt: 263ms | epoch: 1 | elapsed: 1983s | remaining: 4960s
step 07700 (28.7%) | loss: 0.247491 | lrm: 1.00 | dt: 258ms | epoch: 1 | elapsed: 1996s | remaining: 4947s
step 07750 (28.9%) | loss: 0.244761 | lrm: 1.00 | dt: 290ms | epoch: 1 | elapsed: 2010s | remaining: 4938s
step 07800 (29.1%) | loss: 0.248673 | lrm: 1.00 | dt: 247ms | epoch: 1 | elapsed: 2023s | remaining: 4923s
step 07850 (29.3%) | loss: 0.247307 | lrm: 1.00 | dt: 252ms | epoch: 1 | elapsed: 2035s | remaining: 4910s
step 07900 (29.5%) | loss: 0.249122 | lrm: 1.00 | dt: 271ms | epoch: 1 | elapsed: 2049s | remaining: 4898s
step 07950 (29.7%) | loss: 0.250914 | lrm: 1.00 | dt: 241ms | epoch: 1 | elapsed: 2061s | remaining: 4883s
step 08000 (29.9%) | loss: 0.251629 | lrm: 1.00 | dt: 303ms | epoch: 1 | elapsed: 2076s | remaining: 4875s
step 08050 (30.1%) | loss: 0.250678 | lrm: 1.00 | dt: 228ms | epoch: 1 | elapsed: 2088s | remaining: 4858s
step 08100 (30.2%) | loss: 0.248497 | lrm: 1.00 | dt: 252ms | epoch: 1 | elapsed: 2100s | remaining: 4845s
step 08150 (30.4%) | loss: 0.248339 | lrm: 1.00 | dt: 265ms | epoch: 1 | elapsed: 2113s | remaining: 4832s
step 08200 (30.6%) | loss: 0.244975 | lrm: 1.00 | dt: 245ms | epoch: 1 | elapsed: 2126s | remaining: 4818s
step 08250 (30.8%) | loss: 0.246974 | lrm: 1.00 | dt: 248ms | epoch: 1 | elapsed: 2138s | remaining: 4804s
step 08300 (31.0%) | loss: 0.245841 | lrm: 1.00 | dt: 263ms | epoch: 1 | elapsed: 2151s | remaining: 4791s
step 08350 (31.2%) | loss: 0.246876 | lrm: 1.00 | dt: 258ms | epoch: 1 | elapsed: 2164s | remaining: 4778s
step 08400 (31.4%) | loss: 0.238594 | lrm: 1.00 | dt: 239ms | epoch: 1 | elapsed: 2176s | remaining: 4763s
step 08450 (31.5%) | loss: 0.236865 | lrm: 1.00 | dt: 281ms | epoch: 1 | elapsed: 2190s | remaining: 4752s
step 08500 (31.7%) | loss: 0.240798 | lrm: 1.00 | dt: 267ms | epoch: 1 | elapsed: 2203s | remaining: 4740s
step 08550 (31.9%) | loss: 0.241472 | lrm: 1.00 | dt: 217ms | epoch: 1 | elapsed: 2214s | remaining: 4723s
step 08600 (32.1%) | loss: 0.241206 | lrm: 1.00 | dt: 230ms | epoch: 1 | elapsed: 2226s | remaining: 4707s
step 08650 (32.3%) | loss: 0.231838 | lrm: 1.00 | dt: 284ms | epoch: 1 | elapsed: 2240s | remaining: 4696s
step 08700 (32.5%) | loss: 0.233347 | lrm: 1.00 | dt: 251ms | epoch: 1 | elapsed: 2253s | remaining: 4683s
step 08750 (32.7%) | loss: 0.231588 | lrm: 1.00 | dt: 219ms | epoch: 1 | elapsed: 2264s | remaining: 4666s
step 08800 (32.9%) | loss: 0.232846 | lrm: 1.00 | dt: 258ms | epoch: 1 | elapsed: 2277s | remaining: 4653s
step 08850 (33.0%) | loss: 0.233321 | lrm: 1.00 | dt: 259ms | epoch: 1 | elapsed: 2289s | remaining: 4640s
step 08900 (33.2%) | loss: 0.230993 | lrm: 1.00 | dt: 275ms | epoch: 1 | elapsed: 2303s | remaining: 4628s
step 08950 (33.4%) | loss: 0.230408 | lrm: 1.00 | dt: 249ms | epoch: 1 | elapsed: 2316s | remaining: 4614s
step 09000 (33.6%) | loss: 0.229868 | lrm: 1.00 | dt: 220ms | epoch: 1 | elapsed: 2327s | remaining: 4598s
step 09050 (33.8%) | loss: 0.233064 | lrm: 1.00 | dt: 251ms | epoch: 1 | elapsed: 2339s | remaining: 4584s
step 09100 (34.0%) | loss: 0.233829 | lrm: 1.00 | dt: 237ms | epoch: 1 | elapsed: 2351s | remaining: 4569s
step 09150 (34.2%) | loss: 0.230296 | lrm: 1.00 | dt: 275ms | epoch: 1 | elapsed: 2365s | remaining: 4558s
step 09200 (34.3%) | loss: 0.228521 | lrm: 1.00 | dt: 237ms | epoch: 1 | elapsed: 2377s | remaining: 4543s
step 09250 (34.5%) | loss: 0.232451 | lrm: 1.00 | dt: 253ms | epoch: 1 | elapsed: 2389s | remaining: 4529s
step 09300 (34.7%) | loss: 0.231653 | lrm: 1.00 | dt: 235ms | epoch: 1 | elapsed: 2401s | remaining: 4514s
step 09350 (34.9%) | loss: 0.233406 | lrm: 1.00 | dt: 215ms | epoch: 1 | elapsed: 2412s | remaining: 4497s
step 09400 (35.1%) | loss: 0.227195 | lrm: 1.00 | dt: 272ms | epoch: 1 | elapsed: 2425s | remaining: 4486s
step 09450 (35.3%) | loss: 0.229337 | lrm: 1.00 | dt: 276ms | epoch: 1 | elapsed: 2439s | remaining: 4474s
step 09500 (35.5%) | loss: 0.230951 | lrm: 1.00 | dt: 240ms | epoch: 1 | elapsed: 2451s | remaining: 4460s
step 09550 (35.7%) | loss: 0.229095 | lrm: 1.00 | dt: 292ms | epoch: 1 | elapsed: 2466s | remaining: 4450s
step 09600 (35.8%) | loss: 0.231990 | lrm: 1.00 | dt: 246ms | epoch: 1 | elapsed: 2478s | remaining: 4436s
step 09650 (36.0%) | loss: 0.229640 | lrm: 1.00 | dt: 248ms | epoch: 1 | elapsed: 2490s | remaining: 4422s
step 09700 (36.2%) | loss: 0.231191 | lrm: 1.00 | dt: 271ms | epoch: 1 | elapsed: 2504s | remaining: 4410s
step 09750 (36.4%) | loss: 0.233375 | lrm: 1.00 | dt: 270ms | epoch: 1 | elapsed: 2517s | remaining: 4398s
step 09800 (36.6%) | loss: 0.235131 | lrm: 1.00 | dt: 271ms | epoch: 1 | elapsed: 2531s | remaining: 4387s
step 09850 (36.8%) | loss: 0.238267 | lrm: 1.00 | dt: 269ms | epoch: 1 | elapsed: 2544s | remaining: 4375s
step 09900 (37.0%) | loss: 0.234248 | lrm: 1.00 | dt: 280ms | epoch: 1 | elapsed: 2558s | remaining: 4364s
step 09950 (37.1%) | loss: 0.237464 | lrm: 1.00 | dt: 252ms | epoch: 1 | elapsed: 2571s | remaining: 4350s
step 10000 (37.3%) | loss: 0.239299 | lrm: 1.00 | dt: 195ms | epoch: 1 | elapsed: 2581s | remaining: 4332s
step 10050 (37.5%) | loss: 0.233173 | lrm: 1.00 | dt: 237ms | epoch: 1 | elapsed: 2593s | remaining: 4317s
step 10100 (37.7%) | loss: 0.233264 | lrm: 1.00 | dt: 252ms | epoch: 1 | elapsed: 2605s | remaining: 4304s
step 10150 (37.9%) | loss: 0.232199 | lrm: 1.00 | dt: 239ms | epoch: 1 | elapsed: 2617s | remaining: 4289s
step 10200 (38.1%) | loss: 0.228986 | lrm: 1.00 | dt: 272ms | epoch: 1 | elapsed: 2631s | remaining: 4278s
step 10250 (38.3%) | loss: 0.228126 | lrm: 1.00 | dt: 244ms | epoch: 1 | elapsed: 2643s | remaining: 4264s
step 10300 (38.5%) | loss: 0.227148 | lrm: 1.00 | dt: 231ms | epoch: 1 | elapsed: 2654s | remaining: 4248s
step 10350 (38.6%) | loss: 0.231865 | lrm: 1.00 | dt: 259ms | epoch: 1 | elapsed: 2667s | remaining: 4236s
step 10400 (38.8%) | loss: 0.237358 | lrm: 1.00 | dt: 246ms | epoch: 1 | elapsed: 2680s | remaining: 4222s
step 10450 (39.0%) | loss: 0.243881 | lrm: 1.00 | dt: 225ms | epoch: 1 | elapsed: 2691s | remaining: 4206s
step 10500 (39.2%) | loss: 0.246740 | lrm: 1.00 | dt: 231ms | epoch: 1 | elapsed: 2702s | remaining: 4192s
step 10550 (39.4%) | loss: 0.250585 | lrm: 1.00 | dt: 258ms | epoch: 1 | elapsed: 2715s | remaining: 4179s
step 10600 (39.6%) | loss: 0.248951 | lrm: 1.00 | dt: 252ms | epoch: 1 | elapsed: 2728s | remaining: 4165s
step 10650 (39.8%) | loss: 0.252329 | lrm: 1.00 | dt: 266ms | epoch: 1 | elapsed: 2741s | remaining: 4153s
step 10700 (39.9%) | loss: 0.250373 | lrm: 1.00 | dt: 272ms | epoch: 1 | elapsed: 2755s | remaining: 4141s
step 10750 (40.1%) | loss: 0.249554 | lrm: 1.00 | dt: 293ms | epoch: 1 | elapsed: 2770s | remaining: 4131s
step 10800 (40.3%) | loss: 0.241828 | lrm: 1.00 | dt: 280ms | epoch: 1 | elapsed: 2784s | remaining: 4120s
step 10850 (40.5%) | loss: 0.241523 | lrm: 1.00 | dt: 289ms | epoch: 1 | elapsed: 2798s | remaining: 4109s
step 10900 (40.7%) | loss: 0.241874 | lrm: 1.00 | dt: 299ms | epoch: 1 | elapsed: 2813s | remaining: 4100s
step 10950 (40.9%) | loss: 0.244953 | lrm: 1.00 | dt: 312ms | epoch: 1 | elapsed: 2829s | remaining: 4091s
step 11000 (41.1%) | loss: 0.242889 | lrm: 1.00 | dt: 222ms | epoch: 1 | elapsed: 2840s | remaining: 4075s
step 11050 (41.2%) | loss: 0.239541 | lrm: 1.00 | dt: 261ms | epoch: 1 | elapsed: 2853s | remaining: 4062s
step 11100 (41.4%) | loss: 0.236003 | lrm: 1.00 | dt: 279ms | epoch: 1 | elapsed: 2867s | remaining: 4051s
step 11150 (41.6%) | loss: 0.240000 | lrm: 1.00 | dt: 246ms | epoch: 1 | elapsed: 2879s | remaining: 4037s
step 11200 (41.8%) | loss: 0.245328 | lrm: 1.00 | dt: 258ms | epoch: 1 | elapsed: 2892s | remaining: 4024s
step 11250 (42.0%) | loss: 0.247644 | lrm: 1.00 | dt: 237ms | epoch: 1 | elapsed: 2904s | remaining: 4010s
step 11300 (42.2%) | loss: 0.243759 | lrm: 1.00 | dt: 260ms | epoch: 1 | elapsed: 2917s | remaining: 3997s
step 11350 (42.4%) | loss: 0.245964 | lrm: 1.00 | dt: 255ms | epoch: 1 | elapsed: 2930s | remaining: 3984s
step 11400 (42.6%) | loss: 0.243194 | lrm: 1.00 | dt: 219ms | epoch: 1 | elapsed: 2940s | remaining: 3968s
step 11450 (42.7%) | loss: 0.243893 | lrm: 1.00 | dt: 221ms | epoch: 1 | elapsed: 2952s | remaining: 3953s
step 11500 (42.9%) | loss: 0.237534 | lrm: 1.00 | dt: 236ms | epoch: 1 | elapsed: 2963s | remaining: 3939s
step 11550 (43.1%) | loss: 0.241027 | lrm: 1.00 | dt: 266ms | epoch: 1 | elapsed: 2977s | remaining: 3927s
step 11600 (43.3%) | loss: 0.234770 | lrm: 1.00 | dt: 272ms | epoch: 1 | elapsed: 2990s | remaining: 3915s
step 11650 (43.5%) | loss: 0.234603 | lrm: 1.00 | dt: 231ms | epoch: 1 | elapsed: 3002s | remaining: 3900s
step 11700 (43.7%) | loss: 0.234224 | lrm: 1.00 | dt: 296ms | epoch: 1 | elapsed: 3017s | remaining: 3890s
step 11750 (43.9%) | loss: 0.235391 | lrm: 1.00 | dt: 221ms | epoch: 1 | elapsed: 3028s | remaining: 3874s
step 11800 (44.0%) | loss: 0.235373 | lrm: 1.00 | dt: 265ms | epoch: 1 | elapsed: 3041s | remaining: 3862s
step 11850 (44.2%) | loss: 0.233980 | lrm: 1.00 | dt: 265ms | epoch: 1 | elapsed: 3054s | remaining: 3849s
step 11900 (44.4%) | loss: 0.237644 | lrm: 1.00 | dt: 275ms | epoch: 1 | elapsed: 3068s | remaining: 3838s
step 11950 (44.6%) | loss: 0.237988 | lrm: 1.00 | dt: 257ms | epoch: 1 | elapsed: 3081s | remaining: 3825s
step 12000 (44.8%) | loss: 0.239554 | lrm: 1.00 | dt: 299ms | epoch: 1 | elapsed: 3096s | remaining: 3814s
step 12050 (45.0%) | loss: 0.244624 | lrm: 1.00 | dt: 242ms | epoch: 1 | elapsed: 3108s | remaining: 3801s
step 12100 (45.2%) | loss: 0.233452 | lrm: 1.00 | dt: 262ms | epoch: 1 | elapsed: 3121s | remaining: 3788s
step 12150 (45.4%) | loss: 0.235860 | lrm: 1.00 | dt: 209ms | epoch: 1 | elapsed: 3131s | remaining: 3772s
step 12200 (45.5%) | loss: 0.236665 | lrm: 1.00 | dt: 232ms | epoch: 1 | elapsed: 3143s | remaining: 3758s
step 12250 (45.7%) | loss: 0.242937 | lrm: 1.00 | dt: 254ms | epoch: 1 | elapsed: 3156s | remaining: 3744s
step 12300 (45.9%) | loss: 0.236338 | lrm: 1.00 | dt: 216ms | epoch: 1 | elapsed: 3166s | remaining: 3729s
step 12350 (46.1%) | loss: 0.232051 | lrm: 1.00 | dt: 233ms | epoch: 1 | elapsed: 3178s | remaining: 3715s
step 12400 (46.3%) | loss: 0.224203 | lrm: 1.00 | dt: 244ms | epoch: 1 | elapsed: 3190s | remaining: 3701s
step 12450 (46.5%) | loss: 0.225641 | lrm: 1.00 | dt: 198ms | epoch: 1 | elapsed: 3200s | remaining: 3685s
step 12500 (46.7%) | loss: 0.227994 | lrm: 1.00 | dt: 230ms | epoch: 1 | elapsed: 3212s | remaining: 3671s
step 12550 (46.8%) | loss: 0.223329 | lrm: 1.00 | dt: 256ms | epoch: 1 | elapsed: 3224s | remaining: 3658s
step 12600 (47.0%) | loss: 0.225868 | lrm: 1.00 | dt: 272ms | epoch: 1 | elapsed: 3238s | remaining: 3646s
step 12650 (47.2%) | loss: 0.226729 | lrm: 1.00 | dt: 293ms | epoch: 1 | elapsed: 3253s | remaining: 3635s
step 12700 (47.4%) | loss: 0.227875 | lrm: 1.00 | dt: 246ms | epoch: 1 | elapsed: 3265s | remaining: 3621s
step 12750 (47.6%) | loss: 0.231354 | lrm: 1.00 | dt: 238ms | epoch: 1 | elapsed: 3277s | remaining: 3607s
step 12800 (47.8%) | loss: 0.230036 | lrm: 1.00 | dt: 233ms | epoch: 1 | elapsed: 3289s | remaining: 3593s
step 12850 (48.0%) | loss: 0.232580 | lrm: 1.00 | dt: 209ms | epoch: 1 | elapsed: 3299s | remaining: 3578s
step 12900 (48.2%) | loss: 0.235649 | lrm: 1.00 | dt: 268ms | epoch: 1 | elapsed: 3312s | remaining: 3566s
step 12950 (48.3%) | loss: 0.236041 | lrm: 1.00 | dt: 273ms | epoch: 1 | elapsed: 3326s | remaining: 3554s
step 13000 (48.5%) | loss: 0.236516 | lrm: 1.00 | dt: 225ms | epoch: 1 | elapsed: 3337s | remaining: 3539s
step 13050 (48.7%) | loss: 0.241853 | lrm: 1.00 | dt: 245ms | epoch: 1 | elapsed: 3350s | remaining: 3526s
step 13100 (48.9%) | loss: 0.242344 | lrm: 1.00 | dt: 264ms | epoch: 1 | elapsed: 3363s | remaining: 3513s
step 13150 (49.1%) | loss: 0.239175 | lrm: 1.00 | dt: 279ms | epoch: 1 | elapsed: 3377s | remaining: 3502s
step 13200 (49.3%) | loss: 0.241391 | lrm: 1.00 | dt: 253ms | epoch: 1 | elapsed: 3389s | remaining: 3488s
step 13250 (49.5%) | loss: 0.246237 | lrm: 1.00 | dt: 278ms | epoch: 1 | elapsed: 3403s | remaining: 3477s
step 13300 (49.6%) | loss: 0.248689 | lrm: 1.00 | dt: 246ms | epoch: 1 | elapsed: 3416s | remaining: 3463s
step 13350 (49.8%) | loss: 0.245346 | lrm: 1.00 | dt: 244ms | epoch: 1 | elapsed: 3428s | remaining: 3450s
epoch 2 done | step 13394 | val_score: 0.906661
step 13400 (50.0%) | loss: 0.245903 | lrm: 1.00 | dt: 822ms | epoch: 2 | elapsed: 3469s | remaining: 3465s
step 13450 (50.2%) | loss: 0.245488 | lrm: 1.00 | dt: 284ms | epoch: 2 | elapsed: 3483s | remaining: 3454s
step 13500 (50.4%) | loss: 0.248134 | lrm: 0.99 | dt: 242ms | epoch: 2 | elapsed: 3495s | remaining: 3440s
step 13550 (50.6%) | loss: 0.245537 | lrm: 0.99 | dt: 261ms | epoch: 2 | elapsed: 3508s | remaining: 3427s
step 13600 (50.8%) | loss: 0.239279 | lrm: 0.98 | dt: 239ms | epoch: 2 | elapsed: 3520s | remaining: 3413s
step 13650 (51.0%) | loss: 0.239678 | lrm: 0.98 | dt: 238ms | epoch: 2 | elapsed: 3532s | remaining: 3399s
step 13700 (51.1%) | loss: 0.238135 | lrm: 0.98 | dt: 266ms | epoch: 2 | elapsed: 3545s | remaining: 3386s
step 13750 (51.3%) | loss: 0.230995 | lrm: 0.97 | dt: 266ms | epoch: 2 | elapsed: 3559s | remaining: 3374s
step 13800 (51.5%) | loss: 0.235909 | lrm: 0.97 | dt: 228ms | epoch: 2 | elapsed: 3570s | remaining: 3359s
step 13850 (51.7%) | loss: 0.236562 | lrm: 0.97 | dt: 266ms | epoch: 2 | elapsed: 3583s | remaining: 3347s
step 13900 (51.9%) | loss: 0.239842 | lrm: 0.96 | dt: 272ms | epoch: 2 | elapsed: 3597s | remaining: 3335s
step 13950 (52.1%) | loss: 0.240605 | lrm: 0.96 | dt: 227ms | epoch: 2 | elapsed: 3608s | remaining: 3320s
step 14000 (52.3%) | loss: 0.236291 | lrm: 0.95 | dt: 239ms | epoch: 2 | elapsed: 3620s | remaining: 3306s
step 14050 (52.4%) | loss: 0.236576 | lrm: 0.95 | dt: 286ms | epoch: 2 | elapsed: 3635s | remaining: 3295s
step 14100 (52.6%) | loss: 0.237001 | lrm: 0.95 | dt: 267ms | epoch: 2 | elapsed: 3648s | remaining: 3282s
step 14150 (52.8%) | loss: 0.232990 | lrm: 0.94 | dt: 276ms | epoch: 2 | elapsed: 3662s | remaining: 3270s
step 14200 (53.0%) | loss: 0.234504 | lrm: 0.94 | dt: 289ms | epoch: 2 | elapsed: 3676s | remaining: 3258s
step 14250 (53.2%) | loss: 0.235168 | lrm: 0.94 | dt: 246ms | epoch: 2 | elapsed: 3688s | remaining: 3245s
step 14300 (53.4%) | loss: 0.237741 | lrm: 0.93 | dt: 288ms | epoch: 2 | elapsed: 3703s | remaining: 3233s
step 14350 (53.6%) | loss: 0.236847 | lrm: 0.93 | dt: 257ms | epoch: 2 | elapsed: 3716s | remaining: 3220s
step 14400 (53.8%) | loss: 0.237954 | lrm: 0.92 | dt: 240ms | epoch: 2 | elapsed: 3728s | remaining: 3206s
step 14450 (53.9%) | loss: 0.240736 | lrm: 0.92 | dt: 220ms | epoch: 2 | elapsed: 3739s | remaining: 3192s
step 14500 (54.1%) | loss: 0.241503 | lrm: 0.92 | dt: 238ms | epoch: 2 | elapsed: 3751s | remaining: 3178s
step 14550 (54.3%) | loss: 0.243291 | lrm: 0.91 | dt: 294ms | epoch: 2 | elapsed: 3765s | remaining: 3167s
step 14600 (54.5%) | loss: 0.243064 | lrm: 0.91 | dt: 247ms | epoch: 2 | elapsed: 3778s | remaining: 3153s
step 14650 (54.7%) | loss: 0.236852 | lrm: 0.91 | dt: 265ms | epoch: 2 | elapsed: 3791s | remaining: 3140s
step 14700 (54.9%) | loss: 0.232273 | lrm: 0.90 | dt: 239ms | epoch: 2 | elapsed: 3803s | remaining: 3127s
step 14750 (55.1%) | loss: 0.235344 | lrm: 0.90 | dt: 262ms | epoch: 2 | elapsed: 3816s | remaining: 3114s
step 14800 (55.2%) | loss: 0.233197 | lrm: 0.90 | dt: 265ms | epoch: 2 | elapsed: 3829s | remaining: 3101s
step 14850 (55.4%) | loss: 0.235166 | lrm: 0.89 | dt: 244ms | epoch: 2 | elapsed: 3841s | remaining: 3088s
step 14900 (55.6%) | loss: 0.238323 | lrm: 0.89 | dt: 238ms | epoch: 2 | elapsed: 3853s | remaining: 3074s
step 14950 (55.8%) | loss: 0.238342 | lrm: 0.88 | dt: 234ms | epoch: 2 | elapsed: 3865s | remaining: 3060s
step 15000 (56.0%) | loss: 0.241507 | lrm: 0.88 | dt: 262ms | epoch: 2 | elapsed: 3878s | remaining: 3047s
step 15050 (56.2%) | loss: 0.249216 | lrm: 0.88 | dt: 215ms | epoch: 2 | elapsed: 3889s | remaining: 3033s
step 15100 (56.4%) | loss: 0.249540 | lrm: 0.87 | dt: 232ms | epoch: 2 | elapsed: 3900s | remaining: 3019s
step 15150 (56.6%) | loss: 0.249307 | lrm: 0.87 | dt: 242ms | epoch: 2 | elapsed: 3913s | remaining: 3005s
step 15200 (56.7%) | loss: 0.245368 | lrm: 0.87 | dt: 283ms | epoch: 2 | elapsed: 3927s | remaining: 2993s
step 15250 (56.9%) | loss: 0.239533 | lrm: 0.86 | dt: 282ms | epoch: 2 | elapsed: 3941s | remaining: 2981s
step 15300 (57.1%) | loss: 0.243779 | lrm: 0.86 | dt: 240ms | epoch: 2 | elapsed: 3953s | remaining: 2967s
step 15350 (57.3%) | loss: 0.244061 | lrm: 0.85 | dt: 249ms | epoch: 2 | elapsed: 3965s | remaining: 2954s
step 15400 (57.5%) | loss: 0.240174 | lrm: 0.85 | dt: 247ms | epoch: 2 | elapsed: 3978s | remaining: 2941s
step 15450 (57.7%) | loss: 0.243379 | lrm: 0.85 | dt: 332ms | epoch: 2 | elapsed: 3994s | remaining: 2931s
step 15500 (57.9%) | loss: 0.246391 | lrm: 0.84 | dt: 243ms | epoch: 2 | elapsed: 4006s | remaining: 2917s
step 15550 (58.0%) | loss: 0.243502 | lrm: 0.84 | dt: 214ms | epoch: 2 | elapsed: 4017s | remaining: 2903s
step 15600 (58.2%) | loss: 0.241738 | lrm: 0.84 | dt: 281ms | epoch: 2 | elapsed: 4031s | remaining: 2891s
step 15650 (58.4%) | loss: 0.240623 | lrm: 0.83 | dt: 263ms | epoch: 2 | elapsed: 4044s | remaining: 2878s
step 15700 (58.6%) | loss: 0.240906 | lrm: 0.83 | dt: 275ms | epoch: 2 | elapsed: 4058s | remaining: 2865s
step 15750 (58.8%) | loss: 0.242988 | lrm: 0.82 | dt: 280ms | epoch: 2 | elapsed: 4072s | remaining: 2853s
step 15800 (59.0%) | loss: 0.247377 | lrm: 0.82 | dt: 268ms | epoch: 2 | elapsed: 4085s | remaining: 2841s
step 15850 (59.2%) | loss: 0.243788 | lrm: 0.82 | dt: 264ms | epoch: 2 | elapsed: 4099s | remaining: 2828s
step 15900 (59.4%) | loss: 0.239479 | lrm: 0.81 | dt: 244ms | epoch: 2 | elapsed: 4111s | remaining: 2815s
step 15950 (59.5%) | loss: 0.237740 | lrm: 0.81 | dt: 237ms | epoch: 2 | elapsed: 4123s | remaining: 2801s
step 16000 (59.7%) | loss: 0.237070 | lrm: 0.81 | dt: 282ms | epoch: 2 | elapsed: 4137s | remaining: 2789s
step 16050 (59.9%) | loss: 0.239301 | lrm: 0.80 | dt: 232ms | epoch: 2 | elapsed: 4148s | remaining: 2775s
step 16100 (60.1%) | loss: 0.240155 | lrm: 0.80 | dt: 247ms | epoch: 2 | elapsed: 4161s | remaining: 2762s
step 16150 (60.3%) | loss: 0.239019 | lrm: 0.79 | dt: 245ms | epoch: 2 | elapsed: 4173s | remaining: 2748s
step 16200 (60.5%) | loss: 0.243342 | lrm: 0.79 | dt: 262ms | epoch: 2 | elapsed: 4186s | remaining: 2735s
step 16250 (60.7%) | loss: 0.246411 | lrm: 0.79 | dt: 227ms | epoch: 2 | elapsed: 4197s | remaining: 2722s
step 16300 (60.8%) | loss: 0.245941 | lrm: 0.78 | dt: 245ms | epoch: 2 | elapsed: 4210s | remaining: 2708s
step 16350 (61.0%) | loss: 0.242802 | lrm: 0.78 | dt: 253ms | epoch: 2 | elapsed: 4222s | remaining: 2695s
step 16400 (61.2%) | loss: 0.240614 | lrm: 0.78 | dt: 239ms | epoch: 2 | elapsed: 4234s | remaining: 2682s
step 16450 (61.4%) | loss: 0.234464 | lrm: 0.77 | dt: 253ms | epoch: 2 | elapsed: 4247s | remaining: 2669s
step 16500 (61.6%) | loss: 0.235571 | lrm: 0.77 | dt: 247ms | epoch: 2 | elapsed: 4259s | remaining: 2655s
step 16550 (61.8%) | loss: 0.236817 | lrm: 0.76 | dt: 233ms | epoch: 2 | elapsed: 4271s | remaining: 2642s
step 16600 (62.0%) | loss: 0.237404 | lrm: 0.76 | dt: 215ms | epoch: 2 | elapsed: 4282s | remaining: 2627s
step 16650 (62.2%) | loss: 0.237932 | lrm: 0.76 | dt: 248ms | epoch: 2 | elapsed: 4294s | remaining: 2614s
step 16700 (62.3%) | loss: 0.241368 | lrm: 0.75 | dt: 270ms | epoch: 2 | elapsed: 4308s | remaining: 2602s
step 16750 (62.5%) | loss: 0.242875 | lrm: 0.75 | dt: 249ms | epoch: 2 | elapsed: 4320s | remaining: 2588s
step 16800 (62.7%) | loss: 0.237338 | lrm: 0.75 | dt: 266ms | epoch: 2 | elapsed: 4333s | remaining: 2576s
step 16850 (62.9%) | loss: 0.242955 | lrm: 0.74 | dt: 240ms | epoch: 2 | elapsed: 4345s | remaining: 2562s
step 16900 (63.1%) | loss: 0.233227 | lrm: 0.74 | dt: 237ms | epoch: 2 | elapsed: 4357s | remaining: 2549s
step 16950 (63.3%) | loss: 0.235642 | lrm: 0.73 | dt: 268ms | epoch: 2 | elapsed: 4371s | remaining: 2536s
step 17000 (63.5%) | loss: 0.237138 | lrm: 0.73 | dt: 247ms | epoch: 2 | elapsed: 4383s | remaining: 2523s
step 17050 (63.6%) | loss: 0.236643 | lrm: 0.73 | dt: 275ms | epoch: 2 | elapsed: 4397s | remaining: 2511s
step 17100 (63.8%) | loss: 0.236121 | lrm: 0.72 | dt: 244ms | epoch: 2 | elapsed: 4409s | remaining: 2497s
step 17150 (64.0%) | loss: 0.238469 | lrm: 0.72 | dt: 273ms | epoch: 2 | elapsed: 4423s | remaining: 2485s
step 17200 (64.2%) | loss: 0.239392 | lrm: 0.72 | dt: 273ms | epoch: 2 | elapsed: 4436s | remaining: 2473s
step 17250 (64.4%) | loss: 0.239336 | lrm: 0.71 | dt: 268ms | epoch: 2 | elapsed: 4450s | remaining: 2460s
step 17300 (64.6%) | loss: 0.242141 | lrm: 0.71 | dt: 225ms | epoch: 2 | elapsed: 4461s | remaining: 2446s
step 17350 (64.8%) | loss: 0.236220 | lrm: 0.70 | dt: 242ms | epoch: 2 | elapsed: 4473s | remaining: 2433s
step 17400 (65.0%) | loss: 0.236080 | lrm: 0.70 | dt: 284ms | epoch: 2 | elapsed: 4487s | remaining: 2421s
step 17450 (65.1%) | loss: 0.242153 | lrm: 0.70 | dt: 243ms | epoch: 2 | elapsed: 4499s | remaining: 2407s
step 17500 (65.3%) | loss: 0.242775 | lrm: 0.69 | dt: 287ms | epoch: 2 | elapsed: 4514s | remaining: 2395s
step 17550 (65.5%) | loss: 0.237413 | lrm: 0.69 | dt: 264ms | epoch: 2 | elapsed: 4527s | remaining: 2382s
step 17600 (65.7%) | loss: 0.237212 | lrm: 0.69 | dt: 258ms | epoch: 2 | elapsed: 4540s | remaining: 2370s
step 17650 (65.9%) | loss: 0.239927 | lrm: 0.68 | dt: 215ms | epoch: 2 | elapsed: 4550s | remaining: 2356s
step 17700 (66.1%) | loss: 0.241261 | lrm: 0.68 | dt: 232ms | epoch: 2 | elapsed: 4562s | remaining: 2342s
step 17750 (66.3%) | loss: 0.245450 | lrm: 0.67 | dt: 291ms | epoch: 2 | elapsed: 4577s | remaining: 2330s
step 17800 (66.4%) | loss: 0.248984 | lrm: 0.67 | dt: 227ms | epoch: 2 | elapsed: 4588s | remaining: 2316s
step 17850 (66.6%) | loss: 0.248888 | lrm: 0.67 | dt: 288ms | epoch: 2 | elapsed: 4602s | remaining: 2304s
step 17900 (66.8%) | loss: 0.247167 | lrm: 0.66 | dt: 238ms | epoch: 2 | elapsed: 4614s | remaining: 2291s
step 17950 (67.0%) | loss: 0.245451 | lrm: 0.66 | dt: 272ms | epoch: 2 | elapsed: 4628s | remaining: 2278s
step 18000 (67.2%) | loss: 0.245070 | lrm: 0.66 | dt: 243ms | epoch: 2 | elapsed: 4640s | remaining: 2265s
step 18050 (67.4%) | loss: 0.241777 | lrm: 0.65 | dt: 232ms | epoch: 2 | elapsed: 4652s | remaining: 2251s
step 18100 (67.6%) | loss: 0.240948 | lrm: 0.65 | dt: 199ms | epoch: 2 | elapsed: 4662s | remaining: 2237s
step 18150 (67.8%) | loss: 0.244258 | lrm: 0.64 | dt: 202ms | epoch: 2 | elapsed: 4672s | remaining: 2223s
step 18200 (67.9%) | loss: 0.244008 | lrm: 0.64 | dt: 240ms | epoch: 2 | elapsed: 4684s | remaining: 2210s
step 18250 (68.1%) | loss: 0.239467 | lrm: 0.64 | dt: 271ms | epoch: 2 | elapsed: 4697s | remaining: 2197s
step 18300 (68.3%) | loss: 0.237393 | lrm: 0.63 | dt: 245ms | epoch: 2 | elapsed: 4710s | remaining: 2184s
step 18350 (68.5%) | loss: 0.227744 | lrm: 0.63 | dt: 239ms | epoch: 2 | elapsed: 4721s | remaining: 2171s
step 18400 (68.7%) | loss: 0.229306 | lrm: 0.63 | dt: 201ms | epoch: 2 | elapsed: 4732s | remaining: 2157s
step 18450 (68.9%) | loss: 0.225976 | lrm: 0.62 | dt: 262ms | epoch: 2 | elapsed: 4745s | remaining: 2144s
step 18500 (69.1%) | loss: 0.221819 | lrm: 0.62 | dt: 241ms | epoch: 2 | elapsed: 4757s | remaining: 2131s
step 18550 (69.2%) | loss: 0.225788 | lrm: 0.62 | dt: 297ms | epoch: 2 | elapsed: 4772s | remaining: 2119s
step 18600 (69.4%) | loss: 0.228410 | lrm: 0.61 | dt: 251ms | epoch: 2 | elapsed: 4784s | remaining: 2106s
step 18650 (69.6%) | loss: 0.228742 | lrm: 0.61 | dt: 275ms | epoch: 2 | elapsed: 4798s | remaining: 2093s
step 18700 (69.8%) | loss: 0.222335 | lrm: 0.60 | dt: 263ms | epoch: 2 | elapsed: 4811s | remaining: 2080s
step 18750 (70.0%) | loss: 0.224764 | lrm: 0.60 | dt: 249ms | epoch: 2 | elapsed: 4823s | remaining: 2067s
step 18800 (70.2%) | loss: 0.226852 | lrm: 0.60 | dt: 283ms | epoch: 2 | elapsed: 4838s | remaining: 2055s
step 18850 (70.4%) | loss: 0.228120 | lrm: 0.59 | dt: 247ms | epoch: 2 | elapsed: 4850s | remaining: 2042s
step 18900 (70.6%) | loss: 0.230867 | lrm: 0.59 | dt: 238ms | epoch: 2 | elapsed: 4862s | remaining: 2029s
step 18950 (70.7%) | loss: 0.237236 | lrm: 0.59 | dt: 254ms | epoch: 2 | elapsed: 4875s | remaining: 2016s
step 19000 (70.9%) | loss: 0.238854 | lrm: 0.58 | dt: 232ms | epoch: 2 | elapsed: 4886s | remaining: 2002s
step 19050 (71.1%) | loss: 0.240341 | lrm: 0.58 | dt: 238ms | epoch: 2 | elapsed: 4898s | remaining: 1989s
step 19100 (71.3%) | loss: 0.241843 | lrm: 0.57 | dt: 263ms | epoch: 2 | elapsed: 4911s | remaining: 1976s
step 19150 (71.5%) | loss: 0.243306 | lrm: 0.57 | dt: 258ms | epoch: 2 | elapsed: 4924s | remaining: 1964s
step 19200 (71.7%) | loss: 0.241991 | lrm: 0.57 | dt: 265ms | epoch: 2 | elapsed: 4937s | remaining: 1951s
step 19250 (71.9%) | loss: 0.239966 | lrm: 0.56 | dt: 237ms | epoch: 2 | elapsed: 4949s | remaining: 1938s
step 19300 (72.0%) | loss: 0.239273 | lrm: 0.56 | dt: 244ms | epoch: 2 | elapsed: 4961s | remaining: 1925s
step 19350 (72.2%) | loss: 0.237072 | lrm: 0.56 | dt: 266ms | epoch: 2 | elapsed: 4975s | remaining: 1912s
step 19400 (72.4%) | loss: 0.238059 | lrm: 0.55 | dt: 235ms | epoch: 2 | elapsed: 4986s | remaining: 1899s
step 19450 (72.6%) | loss: 0.243129 | lrm: 0.55 | dt: 289ms | epoch: 2 | elapsed: 5001s | remaining: 1886s
step 19500 (72.8%) | loss: 0.242871 | lrm: 0.54 | dt: 237ms | epoch: 2 | elapsed: 5013s | remaining: 1873s
step 19550 (73.0%) | loss: 0.242874 | lrm: 0.54 | dt: 284ms | epoch: 2 | elapsed: 5027s | remaining: 1861s
step 19600 (73.2%) | loss: 0.240599 | lrm: 0.54 | dt: 279ms | epoch: 2 | elapsed: 5041s | remaining: 1848s
step 19650 (73.4%) | loss: 0.240905 | lrm: 0.53 | dt: 284ms | epoch: 2 | elapsed: 5055s | remaining: 1836s
step 19700 (73.5%) | loss: 0.241796 | lrm: 0.53 | dt: 231ms | epoch: 2 | elapsed: 5067s | remaining: 1823s
step 19750 (73.7%) | loss: 0.243053 | lrm: 0.53 | dt: 266ms | epoch: 2 | elapsed: 5080s | remaining: 1810s
step 19800 (73.9%) | loss: 0.239089 | lrm: 0.52 | dt: 239ms | epoch: 2 | elapsed: 5092s | remaining: 1797s
step 19850 (74.1%) | loss: 0.245753 | lrm: 0.52 | dt: 268ms | epoch: 2 | elapsed: 5105s | remaining: 1784s
step 19900 (74.3%) | loss: 0.246434 | lrm: 0.51 | dt: 242ms | epoch: 2 | elapsed: 5117s | remaining: 1771s
step 19950 (74.5%) | loss: 0.247482 | lrm: 0.51 | dt: 250ms | epoch: 2 | elapsed: 5130s | remaining: 1758s
step 20000 (74.7%) | loss: 0.246778 | lrm: 0.51 | dt: 254ms | epoch: 2 | elapsed: 5143s | remaining: 1745s
step 20050 (74.8%) | loss: 0.245250 | lrm: 0.50 | dt: 225ms | epoch: 2 | elapsed: 5154s | remaining: 1732s
epoch 3 done | step 20091 | val_score: 0.917656
step 20100 (75.0%) | loss: 0.239873 | lrm: 0.50 | dt: 987ms | epoch: 3 | elapsed: 5203s | remaining: 1731s
step 20150 (75.2%) | loss: 0.237176 | lrm: 0.50 | dt: 284ms | epoch: 3 | elapsed: 5217s | remaining: 1718s
step 20200 (75.4%) | loss: 0.238010 | lrm: 0.49 | dt: 234ms | epoch: 3 | elapsed: 5229s | remaining: 1705s
step 20250 (75.6%) | loss: 0.237227 | lrm: 0.49 | dt: 224ms | epoch: 3 | elapsed: 5240s | remaining: 1692s
step 20300 (75.8%) | loss: 0.237344 | lrm: 0.48 | dt: 260ms | epoch: 3 | elapsed: 5253s | remaining: 1679s
step 20350 (76.0%) | loss: 0.236541 | lrm: 0.48 | dt: 231ms | epoch: 3 | elapsed: 5265s | remaining: 1665s
step 20400 (76.2%) | loss: 0.239332 | lrm: 0.48 | dt: 268ms | epoch: 3 | elapsed: 5278s | remaining: 1653s
step 20450 (76.3%) | loss: 0.240826 | lrm: 0.47 | dt: 246ms | epoch: 3 | elapsed: 5291s | remaining: 1639s
step 20500 (76.5%) | loss: 0.232140 | lrm: 0.47 | dt: 238ms | epoch: 3 | elapsed: 5303s | remaining: 1626s
step 20550 (76.7%) | loss: 0.234356 | lrm: 0.47 | dt: 242ms | epoch: 3 | elapsed: 5315s | remaining: 1613s
step 20600 (76.9%) | loss: 0.229151 | lrm: 0.46 | dt: 249ms | epoch: 3 | elapsed: 5327s | remaining: 1600s
step 20650 (77.1%) | loss: 0.234029 | lrm: 0.46 | dt: 248ms | epoch: 3 | elapsed: 5339s | remaining: 1587s
step 20700 (77.3%) | loss: 0.233303 | lrm: 0.45 | dt: 220ms | epoch: 3 | elapsed: 5351s | remaining: 1573s
step 20750 (77.5%) | loss: 0.228678 | lrm: 0.45 | dt: 210ms | epoch: 3 | elapsed: 5361s | remaining: 1560s
step 20800 (77.6%) | loss: 0.228728 | lrm: 0.45 | dt: 229ms | epoch: 3 | elapsed: 5372s | remaining: 1546s
step 20850 (77.8%) | loss: 0.232774 | lrm: 0.44 | dt: 286ms | epoch: 3 | elapsed: 5387s | remaining: 1534s
step 20900 (78.0%) | loss: 0.233222 | lrm: 0.44 | dt: 260ms | epoch: 3 | elapsed: 5400s | remaining: 1521s
step 20950 (78.2%) | loss: 0.233105 | lrm: 0.44 | dt: 297ms | epoch: 3 | elapsed: 5415s | remaining: 1509s
step 21000 (78.4%) | loss: 0.233581 | lrm: 0.43 | dt: 243ms | epoch: 3 | elapsed: 5427s | remaining: 1495s
step 21050 (78.6%) | loss: 0.236822 | lrm: 0.43 | dt: 248ms | epoch: 3 | elapsed: 5439s | remaining: 1482s
step 21100 (78.8%) | loss: 0.234656 | lrm: 0.42 | dt: 259ms | epoch: 3 | elapsed: 5452s | remaining: 1469s
step 21150 (79.0%) | loss: 0.225995 | lrm: 0.42 | dt: 244ms | epoch: 3 | elapsed: 5464s | remaining: 1456s
step 21200 (79.1%) | loss: 0.228049 | lrm: 0.42 | dt: 288ms | epoch: 3 | elapsed: 5479s | remaining: 1444s
step 21250 (79.3%) | loss: 0.221677 | lrm: 0.41 | dt: 273ms | epoch: 3 | elapsed: 5492s | remaining: 1431s
step 21300 (79.5%) | loss: 0.223432 | lrm: 0.41 | dt: 276ms | epoch: 3 | elapsed: 5506s | remaining: 1418s
step 21350 (79.7%) | loss: 0.224974 | lrm: 0.41 | dt: 230ms | epoch: 3 | elapsed: 5518s | remaining: 1405s
step 21400 (79.9%) | loss: 0.223915 | lrm: 0.40 | dt: 275ms | epoch: 3 | elapsed: 5531s | remaining: 1392s
step 21450 (80.1%) | loss: 0.225026 | lrm: 0.40 | dt: 259ms | epoch: 3 | elapsed: 5544s | remaining: 1379s
step 21500 (80.3%) | loss: 0.220446 | lrm: 0.39 | dt: 211ms | epoch: 3 | elapsed: 5555s | remaining: 1366s
step 21550 (80.4%) | loss: 0.217991 | lrm: 0.39 | dt: 215ms | epoch: 3 | elapsed: 5566s | remaining: 1352s
step 21600 (80.6%) | loss: 0.217776 | lrm: 0.39 | dt: 258ms | epoch: 3 | elapsed: 5578s | remaining: 1340s
step 21650 (80.8%) | loss: 0.214089 | lrm: 0.38 | dt: 243ms | epoch: 3 | elapsed: 5591s | remaining: 1326s
step 21700 (81.0%) | loss: 0.218327 | lrm: 0.38 | dt: 231ms | epoch: 3 | elapsed: 5602s | remaining: 1313s
step 21750 (81.2%) | loss: 0.224797 | lrm: 0.38 | dt: 308ms | epoch: 3 | elapsed: 5618s | remaining: 1301s
step 21800 (81.4%) | loss: 0.228587 | lrm: 0.37 | dt: 228ms | epoch: 3 | elapsed: 5629s | remaining: 1288s
step 21850 (81.6%) | loss: 0.224986 | lrm: 0.37 | dt: 250ms | epoch: 3 | elapsed: 5642s | remaining: 1275s
step 21900 (81.8%) | loss: 0.226065 | lrm: 0.36 | dt: 211ms | epoch: 3 | elapsed: 5652s | remaining: 1261s
step 21950 (81.9%) | loss: 0.227002 | lrm: 0.36 | dt: 221ms | epoch: 3 | elapsed: 5663s | remaining: 1248s
step 22000 (82.1%) | loss: 0.230387 | lrm: 0.36 | dt: 267ms | epoch: 3 | elapsed: 5676s | remaining: 1235s
step 22050 (82.3%) | loss: 0.231582 | lrm: 0.35 | dt: 313ms | epoch: 3 | elapsed: 5692s | remaining: 1223s
step 22100 (82.5%) | loss: 0.235503 | lrm: 0.35 | dt: 252ms | epoch: 3 | elapsed: 5705s | remaining: 1210s
step 22150 (82.7%) | loss: 0.237163 | lrm: 0.35 | dt: 249ms | epoch: 3 | elapsed: 5717s | remaining: 1197s
step 22200 (82.9%) | loss: 0.235859 | lrm: 0.34 | dt: 267ms | epoch: 3 | elapsed: 5731s | remaining: 1184s
step 22250 (83.1%) | loss: 0.235882 | lrm: 0.34 | dt: 284ms | epoch: 3 | elapsed: 5745s | remaining: 1171s
step 22300 (83.2%) | loss: 0.236629 | lrm: 0.34 | dt: 243ms | epoch: 3 | elapsed: 5757s | remaining: 1158s
step 22350 (83.4%) | loss: 0.231518 | lrm: 0.33 | dt: 260ms | epoch: 3 | elapsed: 5770s | remaining: 1145s
step 22400 (83.6%) | loss: 0.228104 | lrm: 0.33 | dt: 270ms | epoch: 3 | elapsed: 5783s | remaining: 1133s
step 22450 (83.8%) | loss: 0.233843 | lrm: 0.32 | dt: 229ms | epoch: 3 | elapsed: 5795s | remaining: 1119s
step 22500 (84.0%) | loss: 0.236704 | lrm: 0.32 | dt: 274ms | epoch: 3 | elapsed: 5809s | remaining: 1107s
step 22550 (84.2%) | loss: 0.236263 | lrm: 0.32 | dt: 260ms | epoch: 3 | elapsed: 5822s | remaining: 1094s
step 22600 (84.4%) | loss: 0.239971 | lrm: 0.31 | dt: 228ms | epoch: 3 | elapsed: 5833s | remaining: 1081s
step 22650 (84.6%) | loss: 0.236516 | lrm: 0.31 | dt: 288ms | epoch: 3 | elapsed: 5847s | remaining: 1068s
step 22700 (84.7%) | loss: 0.240458 | lrm: 0.31 | dt: 242ms | epoch: 3 | elapsed: 5859s | remaining: 1055s
step 22750 (84.9%) | loss: 0.239981 | lrm: 0.30 | dt: 286ms | epoch: 3 | elapsed: 5874s | remaining: 1042s
step 22800 (85.1%) | loss: 0.240813 | lrm: 0.30 | dt: 236ms | epoch: 3 | elapsed: 5886s | remaining: 1029s
step 22850 (85.3%) | loss: 0.236761 | lrm: 0.29 | dt: 220ms | epoch: 3 | elapsed: 5897s | remaining: 1016s
step 22900 (85.5%) | loss: 0.234436 | lrm: 0.29 | dt: 285ms | epoch: 3 | elapsed: 5911s | remaining: 1003s
step 22950 (85.7%) | loss: 0.239332 | lrm: 0.29 | dt: 262ms | epoch: 3 | elapsed: 5924s | remaining: 990s
step 23000 (85.9%) | loss: 0.240017 | lrm: 0.28 | dt: 236ms | epoch: 3 | elapsed: 5936s | remaining: 977s
step 23050 (86.0%) | loss: 0.235776 | lrm: 0.28 | dt: 271ms | epoch: 3 | elapsed: 5949s | remaining: 964s
step 23100 (86.2%) | loss: 0.236780 | lrm: 0.28 | dt: 286ms | epoch: 3 | elapsed: 5964s | remaining: 952s
step 23150 (86.4%) | loss: 0.232636 | lrm: 0.27 | dt: 226ms | epoch: 3 | elapsed: 5975s | remaining: 939s
step 23200 (86.6%) | loss: 0.230305 | lrm: 0.27 | dt: 230ms | epoch: 3 | elapsed: 5986s | remaining: 926s
step 23250 (86.8%) | loss: 0.231248 | lrm: 0.26 | dt: 250ms | epoch: 3 | elapsed: 5999s | remaining: 913s
step 23300 (87.0%) | loss: 0.234258 | lrm: 0.26 | dt: 271ms | epoch: 3 | elapsed: 6012s | remaining: 900s
step 23350 (87.2%) | loss: 0.236674 | lrm: 0.26 | dt: 253ms | epoch: 3 | elapsed: 6025s | remaining: 887s
step 23400 (87.4%) | loss: 0.235557 | lrm: 0.25 | dt: 264ms | epoch: 3 | elapsed: 6038s | remaining: 874s
step 23450 (87.5%) | loss: 0.235091 | lrm: 0.25 | dt: 251ms | epoch: 3 | elapsed: 6051s | remaining: 861s
step 23500 (87.7%) | loss: 0.235779 | lrm: 0.25 | dt: 268ms | epoch: 3 | elapsed: 6064s | remaining: 848s
step 23550 (87.9%) | loss: 0.238062 | lrm: 0.24 | dt: 226ms | epoch: 3 | elapsed: 6076s | remaining: 835s
step 23600 (88.1%) | loss: 0.235444 | lrm: 0.24 | dt: 283ms | epoch: 3 | elapsed: 6090s | remaining: 822s
step 23650 (88.3%) | loss: 0.236506 | lrm: 0.23 | dt: 232ms | epoch: 3 | elapsed: 6101s | remaining: 809s
step 23700 (88.5%) | loss: 0.237122 | lrm: 0.23 | dt: 218ms | epoch: 3 | elapsed: 6112s | remaining: 796s
step 23750 (88.7%) | loss: 0.235716 | lrm: 0.23 | dt: 257ms | epoch: 3 | elapsed: 6125s | remaining: 783s
step 23800 (88.8%) | loss: 0.235291 | lrm: 0.22 | dt: 255ms | epoch: 3 | elapsed: 6138s | remaining: 770s
step 23850 (89.0%) | loss: 0.235581 | lrm: 0.22 | dt: 236ms | epoch: 3 | elapsed: 6150s | remaining: 757s
step 23900 (89.2%) | loss: 0.239347 | lrm: 0.22 | dt: 263ms | epoch: 3 | elapsed: 6163s | remaining: 744s
step 23950 (89.4%) | loss: 0.235852 | lrm: 0.21 | dt: 275ms | epoch: 3 | elapsed: 6177s | remaining: 732s
step 24000 (89.6%) | loss: 0.225877 | lrm: 0.21 | dt: 268ms | epoch: 3 | elapsed: 6190s | remaining: 719s
step 24050 (89.8%) | loss: 0.228847 | lrm: 0.20 | dt: 256ms | epoch: 3 | elapsed: 6203s | remaining: 706s
step 24100 (90.0%) | loss: 0.227395 | lrm: 0.20 | dt: 254ms | epoch: 3 | elapsed: 6215s | remaining: 693s
step 24150 (90.2%) | loss: 0.231347 | lrm: 0.20 | dt: 277ms | epoch: 3 | elapsed: 6229s | remaining: 680s
step 24200 (90.3%) | loss: 0.230411 | lrm: 0.19 | dt: 258ms | epoch: 3 | elapsed: 6242s | remaining: 667s
step 24250 (90.5%) | loss: 0.230065 | lrm: 0.19 | dt: 245ms | epoch: 3 | elapsed: 6254s | remaining: 654s
step 24300 (90.7%) | loss: 0.229760 | lrm: 0.19 | dt: 250ms | epoch: 3 | elapsed: 6267s | remaining: 641s
step 24350 (90.9%) | loss: 0.232152 | lrm: 0.18 | dt: 240ms | epoch: 3 | elapsed: 6279s | remaining: 628s
step 24400 (91.1%) | loss: 0.228176 | lrm: 0.18 | dt: 247ms | epoch: 3 | elapsed: 6291s | remaining: 615s
step 24450 (91.3%) | loss: 0.229131 | lrm: 0.17 | dt: 222ms | epoch: 3 | elapsed: 6302s | remaining: 602s
step 24500 (91.5%) | loss: 0.234364 | lrm: 0.17 | dt: 231ms | epoch: 3 | elapsed: 6314s | remaining: 589s
step 24550 (91.6%) | loss: 0.233593 | lrm: 0.17 | dt: 257ms | epoch: 3 | elapsed: 6327s | remaining: 576s
step 24600 (91.8%) | loss: 0.234310 | lrm: 0.16 | dt: 238ms | epoch: 3 | elapsed: 6339s | remaining: 563s
step 24650 (92.0%) | loss: 0.226327 | lrm: 0.16 | dt: 253ms | epoch: 3 | elapsed: 6351s | remaining: 551s
step 24700 (92.2%) | loss: 0.229571 | lrm: 0.16 | dt: 262ms | epoch: 3 | elapsed: 6364s | remaining: 538s
step 24750 (92.4%) | loss: 0.227799 | lrm: 0.15 | dt: 271ms | epoch: 3 | elapsed: 6378s | remaining: 525s
step 24800 (92.6%) | loss: 0.229548 | lrm: 0.15 | dt: 231ms | epoch: 3 | elapsed: 6389s | remaining: 512s
step 24850 (92.8%) | loss: 0.231066 | lrm: 0.14 | dt: 269ms | epoch: 3 | elapsed: 6403s | remaining: 499s
step 24900 (93.0%) | loss: 0.234667 | lrm: 0.14 | dt: 255ms | epoch: 3 | elapsed: 6416s | remaining: 486s
step 24950 (93.1%) | loss: 0.238647 | lrm: 0.14 | dt: 285ms | epoch: 3 | elapsed: 6430s | remaining: 473s
step 25000 (93.3%) | loss: 0.240235 | lrm: 0.13 | dt: 261ms | epoch: 3 | elapsed: 6443s | remaining: 461s
step 25050 (93.5%) | loss: 0.241524 | lrm: 0.13 | dt: 244ms | epoch: 3 | elapsed: 6455s | remaining: 448s
step 25100 (93.7%) | loss: 0.237681 | lrm: 0.13 | dt: 229ms | epoch: 3 | elapsed: 6467s | remaining: 435s
step 25150 (93.9%) | loss: 0.237423 | lrm: 0.12 | dt: 266ms | epoch: 3 | elapsed: 6480s | remaining: 422s
step 25200 (94.1%) | loss: 0.235657 | lrm: 0.12 | dt: 231ms | epoch: 3 | elapsed: 6491s | remaining: 409s
step 25250 (94.3%) | loss: 0.235686 | lrm: 0.11 | dt: 263ms | epoch: 3 | elapsed: 6505s | remaining: 396s
step 25300 (94.4%) | loss: 0.233260 | lrm: 0.11 | dt: 288ms | epoch: 3 | elapsed: 6519s | remaining: 383s
step 25350 (94.6%) | loss: 0.232750 | lrm: 0.11 | dt: 281ms | epoch: 3 | elapsed: 6533s | remaining: 370s
step 25400 (94.8%) | loss: 0.235881 | lrm: 0.10 | dt: 258ms | epoch: 3 | elapsed: 6546s | remaining: 357s
step 25450 (95.0%) | loss: 0.237126 | lrm: 0.10 | dt: 264ms | epoch: 3 | elapsed: 6559s | remaining: 345s
step 25500 (95.2%) | loss: 0.240457 | lrm: 0.10 | dt: 244ms | epoch: 3 | elapsed: 6571s | remaining: 332s
step 25550 (95.4%) | loss: 0.233840 | lrm: 0.09 | dt: 221ms | epoch: 3 | elapsed: 6582s | remaining: 319s
step 25600 (95.6%) | loss: 0.229729 | lrm: 0.09 | dt: 229ms | epoch: 3 | elapsed: 6594s | remaining: 306s
step 25650 (95.8%) | loss: 0.229668 | lrm: 0.08 | dt: 229ms | epoch: 3 | elapsed: 6605s | remaining: 293s
step 25700 (95.9%) | loss: 0.230043 | lrm: 0.08 | dt: 276ms | epoch: 3 | elapsed: 6619s | remaining: 280s
step 25750 (96.1%) | loss: 0.231922 | lrm: 0.08 | dt: 263ms | epoch: 3 | elapsed: 6632s | remaining: 267s
step 25800 (96.3%) | loss: 0.228773 | lrm: 0.07 | dt: 231ms | epoch: 3 | elapsed: 6644s | remaining: 254s
step 25850 (96.5%) | loss: 0.228696 | lrm: 0.07 | dt: 246ms | epoch: 3 | elapsed: 6656s | remaining: 241s
step 25900 (96.7%) | loss: 0.231629 | lrm: 0.07 | dt: 253ms | epoch: 3 | elapsed: 6669s | remaining: 228s
step 25950 (96.9%) | loss: 0.231200 | lrm: 0.06 | dt: 246ms | epoch: 3 | elapsed: 6681s | remaining: 215s
step 26000 (97.1%) | loss: 0.230343 | lrm: 0.06 | dt: 215ms | epoch: 3 | elapsed: 6692s | remaining: 203s
step 26050 (97.2%) | loss: 0.234050 | lrm: 0.06 | dt: 276ms | epoch: 3 | elapsed: 6706s | remaining: 190s
step 26100 (97.4%) | loss: 0.234684 | lrm: 0.05 | dt: 253ms | epoch: 3 | elapsed: 6718s | remaining: 177s
step 26150 (97.6%) | loss: 0.237430 | lrm: 0.05 | dt: 270ms | epoch: 3 | elapsed: 6732s | remaining: 164s
step 26200 (97.8%) | loss: 0.233680 | lrm: 0.04 | dt: 248ms | epoch: 3 | elapsed: 6744s | remaining: 151s
step 26250 (98.0%) | loss: 0.231993 | lrm: 0.04 | dt: 266ms | epoch: 3 | elapsed: 6757s | remaining: 138s
step 26300 (98.2%) | loss: 0.236135 | lrm: 0.04 | dt: 247ms | epoch: 3 | elapsed: 6770s | remaining: 125s
step 26350 (98.4%) | loss: 0.233338 | lrm: 0.03 | dt: 254ms | epoch: 3 | elapsed: 6782s | remaining: 112s
step 26400 (98.6%) | loss: 0.223971 | lrm: 0.03 | dt: 258ms | epoch: 3 | elapsed: 6795s | remaining: 100s
step 26450 (98.7%) | loss: 0.226155 | lrm: 0.03 | dt: 250ms | epoch: 3 | elapsed: 6808s | remaining: 87s
step 26500 (98.9%) | loss: 0.225171 | lrm: 0.02 | dt: 251ms | epoch: 3 | elapsed: 6820s | remaining: 74s
step 26550 (99.1%) | loss: 0.225166 | lrm: 0.02 | dt: 310ms | epoch: 3 | elapsed: 6836s | remaining: 61s
step 26600 (99.3%) | loss: 0.221373 | lrm: 0.01 | dt: 245ms | epoch: 3 | elapsed: 6848s | remaining: 48s
step 26650 (99.5%) | loss: 0.224515 | lrm: 0.01 | dt: 254ms | epoch: 3 | elapsed: 6861s | remaining: 35s
step 26700 (99.7%) | loss: 0.223183 | lrm: 0.01 | dt: 259ms | epoch: 3 | elapsed: 6874s | remaining: 22s
step 26750 (99.9%) | loss: 0.222012 | lrm: 0.00 | dt: 245ms | epoch: 3 | elapsed: 6886s | remaining: 10s
step 26787 (100.0%) | loss: 0.222770 | lrm: 0.00 | dt: 158ms | epoch: 3 | elapsed: 6894s | remaining: 0s
---
val_score:        0.921968
training_seconds: 6894.0
total_seconds:    7067.7
peak_vram_mb:     18122.2
overall_auc:      0.962882
subgroup_auc:     0.882888
bpsn_auc:         0.872329
bnsp_auc:         0.969774
num_steps:        26788
num_epochs:       4
num_params_M:     81.3
depth:            10
